// Jest Snapshot v1, https://goo.gl/fbAQLP

exports[`testing Login component should render Login component 1`] = `
<div>
  <div
    className="navbar"
  >
    <div
      className="navbar-header"
    >
      <div
        className="navbar-title"
      >
        <div
          className="logo"
        >
          <img
            alt=""
            src="test-file-sdub"
          />
        </div>
      </div>
    </div>
    <div
      className="navbar-btn"
    >
      <label
        htmlFor="navbar-check"
      >
        <span />
        <span />
        <span />
      </label>
    </div>
    <input
      id="navbar-check"
      type="checkbox"
    />
    <div
      className="navbar-links"
    >
       
      <button
        id="sign-up"
        onClick={[Function]}
      >
        Sign Up
      </button>
      <button
        id="sign-in"
        onClick={[Function]}
      >
        Sign In
      </button>
    </div>
  </div>
  <div
    className="container"
  >
    <h1>
      Welcome to Banka Application 
    </h1>
  </div>
  <section
    id="main-section"
  >
    <div
      className="container"
    >
      <div
        className="panel"
      >
        <img
          alt="Service"
          src="test-file-sdub"
        />
        <h1>
          Opening Account:
        </h1>
        <h3>
          Feel free to open an account by signup here
        </h3>
        <button
          className="get-stared-link"
        >
          Get Started
        </button>
      </div>
      <div
        className="panel"
      >
        <img
          alt="security"
          src="test-file-sdub"
        />
        <h1>
          Get a loan with us:
        </h1>
        <h3>
          After getting an account,
          <br />
          <br />
          you can start to request a loan
          <br />
        </h3>
      </div>
      <div
        className="panel"
      >
        <img
          alt="Contact"
          src="test-file-sdub"
        />
        <h1>
          Feel the Security of your money
        </h1>
        <h3>
          We are here to make safe of your money security and profitability
        </h3>
      </div>
    </div>
  </section>
  <section
    id="main-section"
  >
    <div
      className="container"
    >
      <div
        className="panel2"
      >
        <h2>
          Contact us
        </h2>
        <h3>
           Do you need any advice or helps?
        </h3>
        <h3>
          Please Feel Free to Contact on our
          <address>
            Call (250) 783-067-644.
          </address>
          <address>
            Mail: celestin@banka.com
          </address>
        </h3>
      </div>
    </div>
  </section>
</div>
`;
